I'm sorry, but errors were detected in your script. Please correct the
errors listed below, and try again.


File "game/script.rpy", line 30: invalid syntax
    $ result = 0
     ^
    

Ren'Py Version: Ren'Py 8.0.3.22090809
Mon Nov  7 20:39:06 2022
